kotlin version: 2.2.10
error message: java.lang.RuntimeException: Error generating class file com/seruiso/radio1/MainActivityKt.class (compiled from [/home/serui/AndroidStudioProjects/RadioSO/app/src/main/java/com/seruiso/radio1/MainActivity.kt]): Method too large: com/seruiso/radio1/MainActivityKt.StationScreen (Ljava/util/List;ILkotlin/jvm/functions/Function1;Lkotlin/jvm/functions/Function0;Ljava/lang/String;Lkotlin/jvm/functions/Function1;Ljava/lang/String;Lkotlin/jvm/functions/Function1;Ljava/lang/String;Lkotlin/jvm/functions/Function1;ZLkotlin/jvm/functions/Function0;Lkotlin/jvm/functions/Function0;Lkotlin/jvm/functions/Function0;Ljava/lang/String;Lkotlin/jvm/functions/Function1;Ljava/util/List;Ljava/util/List;Ljava/util/List;Lkotlin/jvm/functions/Function0;ZZLjava/util/List;Ljava/util/List;Lkotlin/jvm/functions/Function0;Lcom/seruiso/radio1/Station;Ljava/util/List;Lkotlin/jvm/functions/Function1;Lkotlin/jvm/functions/Function0;ZLjava/lang/String;Lkotlin/jvm/functions/Function1;Lkotlin/jvm/functions/Function0;Lkotlin/jvm/functions/Function0;Ljava/util/List;Ljava/lang/String;Ljava/lang/String;ZLkotlin/jvm/functions/Function1;Lkotlin/jvm/functions/Function1;Lkotlin/jvm/functions/Function0;Lkotlin/jvm/functions/Function0;Lkotlin/jvm/functions/Function0;Ljava/util/List;Ljava/util/List;Ljava/util/List;Ljava/util/List;Ljava/util/List;Ljava/util/List;ZLjava/lang/String;Ljava/lang/String;Ljava/lang/String;Ljava/lang/String;Ljava/lang/String;JLjava/lang/String;ZLkotlin/jvm/functions/Function0;Lkotlin/jvm/functions/Function0;Lkotlin/jvm/functions/Function0;Lkotlin/jvm/functions/Function1;Lkotlin/jvm/functions/Function1;Lcom/seruiso/radio1/Station;Lkotlin/jvm/functions/Function1;Lkotlin/jvm/functions/Function0;Ljava/lang/String;ZLjava/lang/String;Ljava/util/Set;Ljava/util/Set;Lkotlin/jvm/functions/Function0;Lkotlin/jvm/functions/Function0;Lkotlin/jvm/functions/Function0;Lkotlin/jvm/functions/Function2;Lkotlin/jvm/functions/Function2;Lkotlin/jvm/functions/Function1;Lkotlin/jvm/functions/Function1;Lkotlin/jvm/functions/Function0;Lkotlin/jvm/functions/Function2;Lkotlin/jvm/functions/Function2;Lkotlin/jvm/functions/Function2;Lkotlin/jvm/functions/Function1;Lkotlin/jvm/functions/Function0;Lkotlin/jvm/functions/Function0;JJZLkotlin/jvm/functions/Function1;Lkotlin/jvm/functions/Function0;ZLkotlin/jvm/functions/Function0;Lkotlin/jvm/functions/Function0;ZLkotlin/jvm/functions/Function0;Ljava/lang/String;ZLkotlin/jvm/functions/Function0;Lkotlin/jvm/functions/Function1;Lkotlin/jvm/functions/Function0;Lkotlin/jvm/functions/Function0;Landroidx/compose/runtime/Composer;IIIIIIIIIIIIIII)V
	at org.jetbrains.kotlin.codegen.ClassFileFactory$OutputClassFile.asByteArray(ClassFileFactory.java:273)
	at org.jetbrains.kotlin.cli.common.output.OutputUtilsKt.writeAll(outputUtils.kt:33)
	at org.jetbrains.kotlin.cli.common.output.OutputUtilsKt.writeAll(outputUtils.kt:53)
	at org.jetbrains.kotlin.cli.jvm.compiler.CliCompilerUtilsKt.writeOutput(cliCompilerUtils.kt:111)
	at org.jetbrains.kotlin.cli.jvm.compiler.CliCompilerUtilsKt.createOutputFilesFlushingCallbackIfPossible$lambda$7(cliCompilerUtils.kt:76)
	at org.jetbrains.kotlin.codegen.state.GenerationState.afterIndependentPart(GenerationState.kt:132)
	at org.jetbrains.kotlin.backend.jvm.JvmIrCodegenFactory.invokeCodegen(JvmIrCodegenFactory.kt:400)
	at org.jetbrains.kotlin.cli.jvm.compiler.KotlinToJVMBytecodeCompiler.runCodegen$cli(KotlinToJVMBytecodeCompiler.kt:431)
	at org.jetbrains.kotlin.cli.pipeline.jvm.JvmBackendPipelinePhase.executePhase(JvmBackendPipelinePhase.kt:95)
	at org.jetbrains.kotlin.cli.pipeline.jvm.JvmBackendPipelinePhase.executePhase(JvmBackendPipelinePhase.kt:36)
	at org.jetbrains.kotlin.cli.pipeline.jvm.JvmBackendPipelinePhase.executePhase(JvmBackendPipelinePhase.kt:29)
	at org.jetbrains.kotlin.cli.pipeline.PipelinePhase.phaseBody(PipelinePhase.kt:68)
	at org.jetbrains.kotlin.cli.pipeline.PipelinePhase.phaseBody(PipelinePhase.kt:58)
	at org.jetbrains.kotlin.config.phaser.NamedCompilerPhase.invoke(CompilerPhase.kt:102)
	at org.jetbrains.kotlin.backend.common.phaser.CompositePhase.invoke(PhaseBuilders.kt:22)
	at org.jetbrains.kotlin.config.phaser.CompilerPhaseKt.invokeToplevel(CompilerPhase.kt:53)
	at org.jetbrains.kotlin.cli.pipeline.AbstractCliPipeline.runPhasedPipeline(AbstractCliPipeline.kt:109)
	at org.jetbrains.kotlin.cli.pipeline.AbstractCliPipeline.execute(AbstractCliPipeline.kt:68)
	at org.jetbrains.kotlin.cli.jvm.K2JVMCompiler.doExecutePhased(K2JVMCompiler.kt:78)
	at org.jetbrains.kotlin.cli.jvm.K2JVMCompiler.doExecutePhased(K2JVMCompiler.kt:44)
	at org.jetbrains.kotlin.cli.common.CLICompiler.execImpl(CLICompiler.kt:90)
	at org.jetbrains.kotlin.cli.common.CLICompiler.exec(CLICompiler.kt:352)
	at org.jetbrains.kotlin.incremental.IncrementalJvmCompilerRunnerBase.runCompiler(IncrementalJvmCompilerRunnerBase.kt:175)
	at org.jetbrains.kotlin.incremental.IncrementalJvmCompilerRunnerBase.runCompiler(IncrementalJvmCompilerRunnerBase.kt:38)
	at org.jetbrains.kotlin.incremental.IncrementalCompilerRunner.doCompile(IncrementalCompilerRunner.kt:504)
	at org.jetbrains.kotlin.incremental.IncrementalCompilerRunner.compileImpl(IncrementalCompilerRunner.kt:421)
	at org.jetbrains.kotlin.incremental.IncrementalCompilerRunner.compileNonIncrementally(IncrementalCompilerRunner.kt:306)
	at org.jetbrains.kotlin.incremental.IncrementalCompilerRunner.compile(IncrementalCompilerRunner.kt:133)
	at org.jetbrains.kotlin.daemon.CompileServiceImplBase.execIncrementalCompiler(CompileServiceImpl.kt:679)
	at org.jetbrains.kotlin.daemon.CompileServiceImplBase.access$execIncrementalCompiler(CompileServiceImpl.kt:93)
	at org.jetbrains.kotlin.daemon.CompileServiceImpl.compile(CompileServiceImpl.kt:1806)
	at java.base/jdk.internal.reflect.DirectMethodHandleAccessor.invoke(DirectMethodHandleAccessor.java:104)
	at java.base/java.lang.reflect.Method.invoke(Method.java:565)
	at java.rmi/sun.rmi.server.UnicastServerRef.dispatch(UnicastServerRef.java:351)
	at java.rmi/sun.rmi.transport.Transport.serviceCall(Transport.java:166)
	at java.rmi/sun.rmi.transport.tcp.TCPTransport.handleMessages(TCPTransport.java:543)
	at java.rmi/sun.rmi.transport.tcp.TCPTransport$ConnectionHandler.run0(TCPTransport.java:744)
	at java.rmi/sun.rmi.transport.tcp.TCPTransport$ConnectionHandler.run(TCPTransport.java:623)
	at java.base/java.util.concurrent.ThreadPoolExecutor.runWorker(ThreadPoolExecutor.java:1090)
	at java.base/java.util.concurrent.ThreadPoolExecutor$Worker.run(ThreadPoolExecutor.java:614)
	at java.base/java.lang.Thread.run(Thread.java:1474)
Caused by: org.jetbrains.org.objectweb.asm.MethodTooLargeException: Method too large: com/seruiso/radio1/MainActivityKt.StationScreen (Ljava/util/List;ILkotlin/jvm/functions/Function1;Lkotlin/jvm/functions/Function0;Ljava/lang/String;Lkotlin/jvm/functions/Function1;Ljava/lang/String;Lkotlin/jvm/functions/Function1;Ljava/lang/String;Lkotlin/jvm/functions/Function1;ZLkotlin/jvm/functions/Function0;Lkotlin/jvm/functions/Function0;Lkotlin/jvm/functions/Function0;Ljava/lang/String;Lkotlin/jvm/functions/Function1;Ljava/util/List;Ljava/util/List;Ljava/util/List;Lkotlin/jvm/functions/Function0;ZZLjava/util/List;Ljava/util/List;Lkotlin/jvm/functions/Function0;Lcom/seruiso/radio1/Station;Ljava/util/List;Lkotlin/jvm/functions/Function1;Lkotlin/jvm/functions/Function0;ZLjava/lang/String;Lkotlin/jvm/functions/Function1;Lkotlin/jvm/functions/Function0;Lkotlin/jvm/functions/Function0;Ljava/util/List;Ljava/lang/String;Ljava/lang/String;ZLkotlin/jvm/functions/Function1;Lkotlin/jvm/functions/Function1;Lkotlin/jvm/functions/Function0;Lkotlin/jvm/functions/Function0;Lkotlin/jvm/functions/Function0;Ljava/util/List;Ljava/util/List;Ljava/util/List;Ljava/util/List;Ljava/util/List;Ljava/util/List;ZLjava/lang/String;Ljava/lang/String;Ljava/lang/String;Ljava/lang/String;Ljava/lang/String;JLjava/lang/String;ZLkotlin/jvm/functions/Function0;Lkotlin/jvm/functions/Function0;Lkotlin/jvm/functions/Function0;Lkotlin/jvm/functions/Function1;Lkotlin/jvm/functions/Function1;Lcom/seruiso/radio1/Station;Lkotlin/jvm/functions/Function1;Lkotlin/jvm/functions/Function0;Ljava/lang/String;ZLjava/lang/String;Ljava/util/Set;Ljava/util/Set;Lkotlin/jvm/functions/Function0;Lkotlin/jvm/functions/Function0;Lkotlin/jvm/functions/Function0;Lkotlin/jvm/functions/Function2;Lkotlin/jvm/functions/Function2;Lkotlin/jvm/functions/Function1;Lkotlin/jvm/functions/Function1;Lkotlin/jvm/functions/Function0;Lkotlin/jvm/functions/Function2;Lkotlin/jvm/functions/Function2;Lkotlin/jvm/functions/Function2;Lkotlin/jvm/functions/Function1;Lkotlin/jvm/functions/Function0;Lkotlin/jvm/functions/Function0;JJZLkotlin/jvm/functions/Function1;Lkotlin/jvm/functions/Function0;ZLkotlin/jvm/functions/Function0;Lkotlin/jvm/functions/Function0;ZLkotlin/jvm/functions/Function0;Ljava/lang/String;ZLkotlin/jvm/functions/Function0;Lkotlin/jvm/functions/Function1;Lkotlin/jvm/functions/Function0;Lkotlin/jvm/functions/Function0;Landroidx/compose/runtime/Composer;IIIIIIIIIIIIIII)V
	at org.jetbrains.org.objectweb.asm.MethodWriter.computeMethodInfoSize(MethodWriter.java:2088)
	at org.jetbrains.org.objectweb.asm.ClassWriter.toByteArray(ClassWriter.java:512)
	at org.jetbrains.kotlin.codegen.ClassBuilderFactories$1.asBytes(ClassBuilderFactories.java:81)
	at org.jetbrains.kotlin.codegen.DelegatingClassBuilderFactory.asBytes(DelegatingClassBuilderFactory.kt:27)
	at org.jetbrains.kotlin.codegen.DelegatingClassBuilderFactory.asBytes(DelegatingClassBuilderFactory.kt:27)
	at org.jetbrains.kotlin.codegen.ClassFileFactory$ClassBuilderAndSourceFileList.asBytes(ClassFileFactory.java:306)
	at org.jetbrains.kotlin.codegen.ClassFileFactory$OutputClassFile.asByteArray(ClassFileFactory.java:270)
	... 40 more


